// Jest Snapshot v1, https://goo.gl/fbAQLP

exports[`Test to <App /> should show the component succesfull 1`] = `<Fragment />`;
