// Jest Snapshot v1, https://goo.gl/fbAQLP

exports[`Test to <ProductListApp /> should show the component succesfull 1`] = `
<div>
  <ProductItemDescriptionApp
    categories={Array []}
    product={Object {}}
  />
</div>
`;
